1
{ 4 }
[ < NOCAIDA 12 0 > < CAIDA 85 0 > < CAIDA 159 0 > < NOCAIDA 243 0 > < CAIDA 678 0 > < CAIDA 746 0 > < CAIDA 764 0 > < CAIDA 1220 0 > < CAIDA 1401 0 > < NOCAIDA 1475 0 > < CAIDA 1515 0 > < NOCAIDA 1522 0 > < CAIDA 1699 0 > < CAIDA 2096 0 > < CAIDA 2499 0 > < NOCAIDA 2632 0 > < CAIDA 2704 0 > < CAIDA 2790 0 > < NOCAIDA 3003 0 > < NOCAIDA 3037 0 > < CAIDA 3084 0 > < NOCAIDA 3134 0 > < NOCAIDA 3148 0 > < NOCAIDA 3149 0 > < NOCAIDA 3239 0 > < NOCAIDA 3285 0 > < NOCAIDA 3460 0 > < CAIDA 3500 0 > < CAIDA 3542 0 > < NOCAIDA 3601 0 > < CAIDA 3677 0 > < NOCAIDA 3846 0 > < NOCAIDA 3863 0 > < NOCAIDA 4037 0 > < CAIDA 4158 0 > < CAIDA 4370 0 > < NOCAIDA 4385 0 > < CAIDA 4606 0 > < CAIDA 4673 0 > < NOCAIDA 4689 0 > < NOCAIDA 4805 0 > < NOCAIDA 5023 0 > < NOCAIDA 5062 0 > < CAIDA 5156 0 > < NOCAIDA 5184 0 > < NOCAIDA 5407 0 > < CAIDA 5434 0 > < NOCAIDA 5442 0 > < CAIDA 5631 0 > < NOCAIDA 5842 0 > < NOCAIDA 5954 0 > < NOCAIDA 6062 0 > < NOCAIDA 6201 0 > < NOCAIDA 6825 0 > < CAIDA 7175 0 > < NOCAIDA 7341 0 > < CAIDA 7427 0 > < CAIDA 7609 0 > < NOCAIDA 7616 0 > < CAIDA 7661 0 > < CAIDA 7790 0 > < NOCAIDA 7842 0 > < NOCAIDA 7988 0 > < CAIDA 8099 0 > < CAIDA 8373 0 > < CAIDA 8442 0 > < NOCAIDA 8592 0 > < CAIDA 8661 0 > < CAIDA 8704 0 > < NOCAIDA 8769 0 > < NOCAIDA 8779 0 > < CAIDA 8949 0 > < NOCAIDA 9088 0 > < NOCAIDA 9111 0 > < CAIDA 9316 0 > < NOCAIDA 9650 0 > < CAIDA 9802 0 > < CAIDA 9879 0 > < CAIDA 10333 0 > < NOCAIDA 10447 0 > < NOCAIDA 10591 0 > < NOCAIDA 10605 0 > < CAIDA 10809 0 > < CAIDA 10959 0 > < NOCAIDA 11127 0 > < CAIDA 11154 0 > < CAIDA 11196 0 > < NOCAIDA 11235 0 > < NOCAIDA 11241 0 > < NOCAIDA 11281 0 > < CAIDA 11375 0 > < CAIDA 11445 0 > < CAIDA 11657 0 > < CAIDA 11775 0 > < NOCAIDA 11894 0 > < NOCAIDA 11983 0 > < NOCAIDA 12009 0 > < NOCAIDA 12349 0 > < NOCAIDA 12356 0 > < CAIDA 12367 0 > ]
6244
