1
{ 4 }
SalidaPorInterfaz 0
SalidaPorInterfaz 0
InterfazDeSalidaNoEncontrada
DireccionNoSoportada
DireccionNoSoportada
